===== SLURM ENV =====
Job ID     : 105676
Node       : cn11
Started at : 2026-08-22T00:38:10

===== BUILDING ARTICLE CORPUS =====
Input  : data/wikiDump/psgs_w100.tsv
Output : data/wikiDump/articles.jsonl
[articles] data/wikiDump/psgs_w100.tsv -> data/wikiDump/articles.jsonl
  1,577,332 passages -> 250,000 articles...
  3,124,531 passages -> 500,000 articles...
  4,626,500 passages -> 750,000 articles...
  6,173,231 passages -> 1,000,000 articles...
  7,691,396 passages -> 1,250,000 articles...
  9,219,602 passages -> 1,500,000 articles...
  10,712,036 passages -> 1,750,000 articles...
  12,217,327 passages -> 2,000,000 articles...
  13,740,369 passages -> 2,250,000 articles...
  15,254,496 passages -> 2,500,000 articles...
  16,787,539 passages -> 2,750,000 articles...
  18,329,080 passages -> 3,000,000 articles...
  19,876,851 passages -> 3,250,000 articles...
  21,365,314 passages -> 3,500,000 articles...
  22,911,560 passages -> 3,750,000 articles...
  24,421,403 passages -> 4,000,000 articles...
  25,929,256 passages -> 4,250,000 articles...
  27,450,562 passages -> 4,500,000 articles...
  28,957,608 passages -> 4,750,000 articles...
  30,464,874 passages -> 5,000,000 articles...
  31,974,980 passages -> 5,250,000 articles...
  33,467,868 passages -> 5,500,000 articles...
  34,917,072 passages -> 5,750,000 articles...
──────────────────────────────────────────────────────
  Passages / articles : 35,678,076 / 5,889,354   (48,949 rows skipped, 14,176 stubs)
  Title line          : 5,903,443 stripped, 87 absent  <- absent should be ~0
  Seams               : 24,688,254 space  1,878,560 newline ( 6.3%)  3,158,783 tight (10.6%)  0 anomalous
  Elapsed             : 720.2 s
  Verified            : 2000/2000 articles exact, 0 spurious spaces (must be 0)
──────────────────────────────────────────────────────

===== DONE =====
-rw-rw-r-- 1 jete jete 16G Aug 22  2026 data/wikiDump/articles.jsonl
Finished at: 2026-08-22T00:50:24

Next: sbatch run_rag_offline.job
